# 08 约束条件

## 1 什么是约束条件

- 约束条件：限制表中的数据，保证添加到数据表中的数据准确和可靠性！凡是不符合约束的数据，插入时就会失败！
- 约束条件在创建表时可以使用， 也可以修改表的时候添加约束条件



## 2 概览

- 非空约束（not null）
- 唯一性约束（unique）
- 组合使用 not null 和 unique
- 主键约束PK（primary key）
- 外键约束FK（foreign key）
- 级联更新与级联删除

ps：创建表结构时，约束条件直接跟在字段后面的为列级约束，若约束条件是用括号时为表级约束。

使用表级约束给多个字段联合添加约束，如：unique（name,email）名字和邮箱这两个字段不能同时重复。



## 3 null / not null

```sql
-- 限制当前字段在插入数据的时候是否是必须传入的参数
-- null 在插入数据的时候当前字段允许为空
-- not null 在插入数据的时候不能为空为空就会抛出异常
```

```sql
-- null / not null 
create table 表名(
	字段名 字段类型(宽度) 约束条件,
  字段名 字段类型(宽度) 约束条件
);
```

```sql
-- 如果给字段加了 not null 那当前字段就不能为空
-- 如果是 null 插入数据的时候就可以为空

create database day02;
use day02;
create table t1(
	name varchar(25) null,
  age int not null
);
desc t1;

insert into t1(name) values("sheenagh");
-- ERROR 1364 (HY000): Field 'age' doesn't have a default value

insert into t1(age) values(23);
-- Query OK, 1 row affected (0.00 sec)

insert into t1(name,age) values("shell",28);
-- Query OK, 1 row affected (0.00 sec)
```

```sql
mysql> create database day02;
Query OK, 1 row affected (0.00 sec)

mysql> use day02;
Database changed
mysql> create table t1(
    -> name varchar(25) null,
    ->   age int not null
    -> );
Query OK, 0 rows affected (0.01 sec)

mysql> desc t1;
+-------+-------------+------+-----+---------+-------+
| Field | Type        | Null | Key | Default | Extra |
+-------+-------------+------+-----+---------+-------+
| name  | varchar(25) | YES  |     | NULL    |       |
| age   | int(11)     | NO   |     | NULL    |       |
+-------+-------------+------+-----+---------+-------+
2 rows in set (0.00 sec)
```

```sql
mysql> insert into t1(age) values(18);
Query OK, 1 row affected (0.00 sec)

mysql> select * from t1;
+------+-----+
| name | age |
+------+-----+
| NULL |  18 |
+------+-----+
1 row in set (0.00 sec)

mysql> insert into t1(name,age) values("shell",28);
Query OK, 1 row affected (0.00 sec)

mysql> select * from t1;
+-----------+-----+
| name      | age |
+-----------+-----+
| NULL      |  18 |
| shell     |  28 |
+-----------+-----+
2 rows in set (0.00 sec)
```

## 4 唯一性约束

```sql
-- 关键字 unique 
drop table if exists user;

create table user (
	id int,
 	name varchar(25) unique
);
```

```sql
mysql> create table user (
    -> id int,
    ->  name varchar(25) unique
    -> );
Query OK, 0 rows affected (0.01 sec)

mysql> desc user;
+-------+-------------+------+-----+---------+-------+
| Field | Type        | Null | Key | Default | Extra |
+-------+-------------+------+-----+---------+-------+
| id    | int(11)     | YES  |     | NULL    |       |
| name  | varchar(25) | YES  | UNI | NULL    |       |
+-------+-------------+------+-----+---------+-------+
2 rows in set (0.00 sec)
```

```sql
insert into user values(1,"sheenagh");
insert into user values(2,"sheenagh");
-- ERROR 1062 (23000): Duplicate entry 'sheenagh' for key 'name'
```

## 5 组合

### 5.1 唯一性 和 不为空 单独使用(表级约束)

- 使用表级约束给多个字段联合添加约束，如：unique（name,email）名字和邮箱这两个字段不能同时重复，但是名字和邮箱字段可以单独重复。
- 可以给表级约束起名字，这样可以便于操作这个约束（如删除，修改等）

### 5.2 唯一性  + 不为空 ~ 主键(列级约束)

````sql
-- 创建一个字段 不为空且唯一
create table new_user(
	id int not null unique
);

create table new_user_one(
	id int primary key
);
````

```sql
mysql> create table new_user(
    -> id int not null unique
    -> );
Query OK, 0 rows affected (0.01 sec)

mysql> desc new_user;
+-------+---------+------+-----+---------+-------+
| Field | Type    | Null | Key | Default | Extra |
+-------+---------+------+-----+---------+-------+
| id    | int(11) | NO   | PRI | NULL    |       |
+-------+---------+------+-----+---------+-------+
1 row in set (0.00 sec)
```

```sql
mysql> create table new_user_one(
    -> id int primary key
    -> );
Query OK, 0 rows affected (0.01 sec)

mysql> desc new_user_one;
+-------+---------+------+-----+---------+-------+
| Field | Type    | Null | Key | Default | Extra |
+-------+---------+------+-----+---------+-------+
| id    | int(11) | NO   | PRI | NULL    |       |
+-------+---------+------+-----+---------+-------+
1 row in set (0.00 sec)
```
## 6 如何查看当前表的约束条件

```sql
show databases;

use information_schema;

show tables;

desc table_constraints;

select constraint_name from table_constraints where table_name='表名';
```

## 7 约束条件之主键约束

### 7.1 主键涉及到

- 主键约束
- 主键字段
- 主键值

### 7.2 主键约束、主键字段、主键值三者之间关系

```sql
-- 主键约束：当前字段不为空且唯一的约束规则就叫主键约束
-- 主键字段：给某个字段加上主键约束后，这个字段就叫主键字段
-- 主键值：当前主键字段对应的值就叫主键值
```
### 7.3 主键的作用

````sql
-- 主键的作用 

-- ● 添加主键primary key的字段即不能重复也不能为空，效果与“not null nuique”相同，但本质是不同的，添加主键约束之后，主键不仅会有“not null unique”作用，而且主键字段还会自动添加“索引 — index”；

-- ● 一张表应该有主键，若没有，表示这张表是无效的。“主键值”是当前行 数据的唯一标识，“主键值”可以是当前行数据的身份证号；（即使表中两行数据完全相同，但是由于主键不同，我们也认为这是两行完全不同的数据）
````

```sql
-- 索引 index ： 其实就是相当于字典的目录
-- 作用：提高查询速度

-- myisam ： 内置索引
```

### 7.4 主键根据个数分类

```sql
-- 主键的分类
-- 单一主键：这张表中只有一个主键
drop table  if exists user;
drop table if exists new_user;

-- 单一主键(列级约束)
create table user(
	id int primary key
);
-- 单一主键(表级约束)
create table t_user(
	id int(10),
  	name varchar(32),
  	primary key(id)
);

-- 复合主键(错误示范)：这张表中有多个主键，这些主键就叫复合主键
create table new_user(
	id int primary key,
  	name varchar(25) primary key
);

mysql> create table user(
    -> id int primary key
    -> );
Query OK, 0 rows affected (0.01 sec)

-- 报了个错 --- 在同一张表中不允许创建多个主键值
mysql> create table new_user(
    -> id int primary key,
    ->   name varchar(25) primary key
    -> );
ERROR 1068 (42000): Multiple primary key defined

-- 复合主键(正确版本):多个字段联合添加一个主键约束，被称为复合主键
-- 复合主键只能是表级约束
CREATE TABLE new_user (
    id INT,
    name VARCHAR(25),
    PRIMARY KEY (id, name)
);
```

### 7.5 主键根据性质分类

- 自然主键：主键值若是一个自然数，并且这个自然数与业务没有任何关系，这种主键称为自然主键；
- 业务主键：主键值若和当前表中的业务紧密相关，那么这种主键值被业务主键；如果业务发生改变时，业务主键往往会受到影响，所以业务主键使用较少，大多情况使用自然主键。

### 7.6 自动生成主键

```sql
-- 自动生成主键 
-- 一般在我们的业务数据中我们都会以 ID 作为主键
-- 如果是我们自己插入 自己数到了第几个
-- 于是就有了自增主键
drop table  if exists user;

create table user(
	id int primary key auto_increment,
  name varchar(25)
);

-- 如果不写字段名 则会按照默认的字段名顺序填充数据
insert into user values(1,"sheenagh");

-- 如果某个字段有默认值 而我们只需要插入其他字段的时候就可以单独将某个字段拿出来插入
insert into user(name) values("sheenagh");
```

```sql
mysql> create table user(
    -> id int primary key auto_increment,
    ->   name varchar(25)
    -> );
Query OK, 0 rows affected (0.01 sec)

mysql> desc user;
+-------+-------------+------+-----+---------+----------------+
| Field | Type        | Null | Key | Default | Extra          |
+-------+-------------+------+-----+---------+----------------+
| id    | int(11)     | NO   | PRI | NULL    | auto_increment |
| name  | varchar(25) | YES  |     | NULL    |                |
+-------+-------------+------+-----+---------+----------------+
2 rows in set (0.00 sec)
```

```sql
mysql> insert into user(name) values("sheenagh");
Query OK, 1 row affected (0.00 sec)

mysql> select * from user;
+----+----------+
| id | name     |
+----+----------+
|  1 | sheenagh |
|  2 | sheenagh |
+----+----------+
2 rows in set (0.00 sec)

-- 如果重复插入主键值 就会触发主键的 unique 条件报错
mysql> insert into user values(2,"sheenagh");
ERROR 1062 (23000): Duplicate entry '2' for key 'PRIMARY'

-- 允许插入比当前最后一个的ID大ID
mysql> insert into user values(5,"sheenagh");
Query OK, 1 row affected (0.00 sec)

mysql> select * from user;
+----+----------+
| id | name     |
+----+----------+
|  1 | sheenagh |
|  2 | sheenagh |
|  5 | sheenagh |
+----+----------+
3 rows in set (0.00 sec)

-- 如果有中间断层的ID ，再次插入数据的时候ID会默认在最后的ID后面插入
mysql> insert into user(name) values("sheenagh");
Query OK, 1 row affected (0.00 sec)

mysql> select * from user;
+----+----------+
| id | name     |
+----+----------+
|  1 | sheenagh |
|  2 | sheenagh |
|  5 | sheenagh |
|  6 | sheenagh |
+----+----------+
4 rows in set (0.00 sec)

-- 如果想要向中插入某个值 ，必要条件就是当前数据对应的ID不存在就可以插入数据
mysql> insert into user values(3,"sheenagh");
Query OK, 1 row affected (0.00 sec)

mysql> select * from user;
+----+----------+
| id | name     |
+----+----------+
|  1 | sheenagh |
|  2 | sheenagh |
|  3 | sheenagh |
|  5 | sheenagh |
|  6 | sheenagh |
+----+----------+
5 rows in set (0.00 sec)

-- 删除某个主键对应的值后插入相同主键的值是允许的
mysql> delete from user where id=1;
Query OK, 1 row affected (0.01 sec)

mysql> select * from user;
+----+----------+
| id | name     |
+----+----------+
|  2 | sheenagh |
|  3 | sheenagh |
|  5 | sheenagh |
|  6 | sheenagh |
+----+----------+
4 rows in set (0.00 sec)

mysql> insert into user values(1,"sheenagh");
Query OK, 1 row affected (0.00 sec)

mysql> select * from user;
+----+----------+
| id | name     |
+----+----------+
|  1 | sheenagh |
|  2 | sheenagh |
|  3 | sheenagh |
|  5 | sheenagh |
|  6 | sheenagh |
+----+----------+
5 rows in set (0.01 sec)
```


### 7.7 重置主键起始位置


```sql
-- 整张表的数据乱套，主键自增也乱套
-- 方法一：把整张表数据清空 
truncate 表名;

-- 方法二：主动修改主键的起始位置
alter table 表名 auto_increment=指定值;
```

```sql
-- 清空当前表的数据的时候清除掉的只是数据 而自增的主键ID最后一个值不会清空
mysql> truncate user;
Query OK, 0 rows affected (0.00 sec)

mysql> select * from user;
Empty set (0.00 sec)

-- 再次插入数据应该是从原本的最后一位向后顺延
mysql> insert into user(name) values("sheenagh");
```

```sql
insert into user values(10,"sheenagh");

alter table user auto_increment=7;

alter table user auto_increment=20;
```

```sql
mysql> select * from user;
+----+----------+
| id | name     |
+----+----------+
|  1 | sheenagh |
|  2 | sheenagh |
|  3 | sheenagh |
|  4 | sheenagh |
|  5 | sheenagh |
|  6 | sheenagh |
| 10 | sheenagh |
| 11 | sheenagh |
+----+----------+
8 rows in set (0.00 sec)

mysql> alter table user auto_increment=7;
Query OK, 0 rows affected (0.02 sec)
Records: 0  Duplicates: 0  Warnings: 0

mysql> insert into user(name) values("sheenagh");
Query OK, 1 row affected (0.00 sec)

-- 修改当前起始ID为 7 插入数据发现是从 12 开始的
-- 如果修改当前起始 为7后向后插入数据 遇到 10 的这条数据是覆盖还是报错还是跳过？
-- 不允许
mysql> select * from user;
+----+----------+
| id | name     |
+----+----------+
|  1 | sheenagh |
|  2 | sheenagh |
|  3 | sheenagh |
|  4 | sheenagh |
|  5 | sheenagh |
|  6 | sheenagh |
| 10 | sheenagh |
| 11 | sheenagh |
| 12 | sheenagh |
+----+----------+
9 rows in set (0.00 sec)

-- 为了避免主键自增导致的ID覆盖问题，直接一刀切不能修改到中间起始
-- 修改大的起始ID会按照大的向后追加 但是中间不生效
mysql> alter table user auto_increment=20;
Query OK, 0 rows affected (0.01 sec)
Records: 0  Duplicates: 0  Warnings: 0

mysql> insert into user(name) values("sheenagh");
Query OK, 1 row affected (0.00 sec)

mysql> select * from user;
+----+----------+
| id | name     |
+----+----------+
|  1 | sheenagh |
|  2 | sheenagh |
|  3 | sheenagh |
|  4 | sheenagh |
|  5 | sheenagh |
|  6 | sheenagh |
| 10 | sheenagh |
| 11 | sheenagh |
| 12 | sheenagh |
| 20 | sheenagh |
+----+----------+
10 rows in set (0.00 sec)
```

## 8 约束条件之外键约束

### 8.1 引入

```python
# 【1】有一张员工表
# id name age dep_name dep_desc
# 标号 名字 年龄 部门名称 部门描述

# 当前这张表中存储的是这个人的所有数据
# id name age dep_name dep_desc
# 1  dream 18    开发    开发部门
# 2  opp   28    开发    开发部门
# 3  hope  38    开发    开发部门

# 当部分人都属于同一个部门的时候 部门信息就开始出现重复了
# ---> 扩展性很差 如果现在修改开发部门的描述 ---> 需要在当前表中都修改一次
# ---> 重点不明显 部门表还是员工表
# ---> 空间浪费 同一字段的数据在不断重复

# 【2】解决上述表弊端的方案：拆表
# （1）员工表
# id name age dep_id
# （2）部门表
# id dep_name dep_desc
# 将员工表和部门表拆开之后会发现 员工和部门之间没有进行关联
# 为了能够让员工和部门之间产生联系 ---> 加一个字段 (外键字段)


# id name age dep_id
# 1  dream 18    1
# 2  opp   28    1
# 3  hope  38    2

# id dep_name dep_desc
#  1  开发    开发部门
#  2  清洁    清洁部门
```

### 8.2 外键涉及到的术语

````python
# 主键相关的术语
# 主键约束：给当前字段加上主键限制的规则就叫主键约束 primary key
# 主键字段：给当前字段加上主键约束的字段就叫主键字段
# 主键值：主键字段对应的值就叫主键值

# 外键涉及到的术语
# 外键约束：给当前字段加上外键限制的规则就叫外键约束 foreign key
# 外键字段：给当前字段加上外键约束的字段就叫外键字段
# 外键值：外键字段对应的值就叫外键值
````

### 8.3 创建外键约束的语法 (两张表才能构成外键)

```sql
create table table_one(
    id int primary key auto_increment,
    字段二 字段类型(宽度) 约束条件
);

create table table_two(
    id int primary key auto_increment,
    字段二 字段类型(宽度) 约束条件,
    foreign key(在当前表中显示的字段名) references table_one(目标主键需要建立外键关系的字段名)
);
```

### 8.4 表关系之一对多

#### （1）表关系分析

````python
# （1）员工表和部门表关系分析
# 在员工看来：一个员工可以有多个部门吗？不行 一个员工只能有一个部门
# 在部门看来：一个部门可以有多个员工吗？可以 一个部门可以有多个员工
# 员工和部门之间是一对多关系

# 谁是多：员工
# 谁是一：部门

# 外键关系建立在多的一方还是少的一方？

# 如果是外键建立在少的一方 （建立在一 部门）
# id name age
# id dep_name dep_desc emp_id
#  1   开发    开发部门    1
#  2   开发    开发部门    2
#  3   开发    开发部门    3

# 如果是外键建立在多的一方 （建立在多 员工）
# id name age dep_id
#  1 dream 18  1
#  2 opp   18  1
# id dep_name dep_desc
#  1   开发    开发部门

# 一对多的外检关系建立在多的一方比较合适
````

#### （2）创建表

```sql
-- 创建部门表
create table dep(
    id int primary key auto_increment comment "部门编号",
    dep_name varchar(32) comment "部门名称",
    dep_desc varchar(32) comment "部门描述"
);

-- 创建员工表
create table emp(
    id int primary key auto_increment comment "员工编号",
    name varchar(32) comment "员工姓名",
    age int comment "员工年龄",
    dep_id int comment "部门编号",
    -- foreign key(在当前表中显示的字段名) references table_one(目标主键需要建立外键关系的字段名)
    foreign key (dep_id) references dep(id)
);

-- 创建表的先后顺序 : 先有目标再有自己 先创建目标表 部门表 再创建自己的表 员工表
-- 所以要注意的就是先建目标再建自己 自己的foreign key语法要记住
```

```sql
-- 如果不先创建被关联表 就会报错 无法创建外键字段
mysql> create table emp(
    ->     id int primary key auto_increment comment "",
    ->     name varchar(32) comment "",
    ->     age int comment "",
    ->     dep_id int comment "",
    ->     -- foreign key() references table_one()
    ->     foreign key (dep_id) references  dep(id)
    -> );
ERROR 1046 (3D000): No database selected


mysql> create database day03;
Query OK, 1 row affected (0.00 sec)

mysql> use day03;
Database changed
mysql> create table emp(
    ->     id int primary key auto_increment comment "",
    ->     name varchar(32) comment "",
    ->     age int comment "",
    ->     dep_id int comment "",
    ->     -- foreign key() references table_one()
    ->     foreign key (dep_id) references  dep(id)
    -> );
ERROR 1215 (HY000): Cannot add foreign key constraint
mysql> create table dep(
    ->     id int primary key auto_increment comment "",
    ->     dep_name varchar(32) comment "",
    ->     dep_desc varchar(32) comment ""
    -> );
Query OK, 0 rows affected (0.02 sec)

mysql> create table emp(
    ->     id int primary key auto_increment comment "",
    ->     name varchar(32) comment "",
    ->     age int comment "",
    ->     dep_id int comment "",
    ->     -- foreign key() references table_one()
    ->     foreign key (dep_id) references  dep(id)
    -> );
Query OK, 0 rows affected (0.01 sec)

mysql> desc dep;
+----------+-------------+------+-----+---------+----------------+
| Field    | Type        | Null | Key | Default | Extra          |
+----------+-------------+------+-----+---------+----------------+
| id       | int(11)     | NO   | PRI | NULL    | auto_increment |
| dep_name | varchar(32) | YES  |     | NULL    |                |
| dep_desc | varchar(32) | YES  |     | NULL    |                |
+----------+-------------+------+-----+---------+----------------+
3 rows in set (0.00 sec)

mysql> desc emp;
+--------+-------------+------+-----+---------+----------------+
| Field  | Type        | Null | Key | Default | Extra          |
+--------+-------------+------+-----+---------+----------------+
| id     | int(11)     | NO   | PRI | NULL    | auto_increment |
| name   | varchar(32) | YES  |     | NULL    |                |
| age    | int(11)     | YES  |     | NULL    |                |
| dep_id | int(11)     | YES  | MUL | NULL    |                |
+--------+-------------+------+-----+---------+----------------+
4 rows in set (0.00 sec)
```

### 8.5 表关系之一对一

#### （1）表关系分析

```python
# （1）用户表和用户详情表进行分析
# 用户和用户详情之间
# 对于用户来说：一个用户有多个详情吗？不可以 一个用户只有一个详情
# 对于详情来说：一个详情可以有多个用户吗？不可以 一个详情只能有一个用户

# 你的身份证和你自己：一个人只能有一个身份证 一个身份证只能对应一个人
```

#### （2）创建表

```sql
create table user(
    id int primary key auto_increment comment "用户编号",
    name varchar(32) comment "用户姓名",
    gender enum("male","female","other") comment "用户性别",
    hobby set("sing","dance","draw") comment "用户爱好",
    detail_id int,
    foreign key (detail_id) references  user_detail(id)
);

create table user_detail(
    id int primary key auto_increment comment "用户详情编号",
    -- 用户的手机号是存数字类型合适还是字符串类型合适？
    -- 字符串合适
    phone varchar(11) comment "用户手机号",
    age int comment "用户年龄"
);
```

### 8.6 表关系之多对多

#### （1）表关系分析

```sql
# （1）图书表和作者表分析
# 对于图书来说：一本书可以有多个作者吗？可以
# 对于作者来说：一个作者可以写多本书吗？可以
# 所以图书和作者之间是多对多关系
```

#### （2）创建表

```sql
# （2）建表思路
# id title price author_id
# id name age book_id

-- 创建一个图书表
create table book(
    id int primary key auto_increment comment "图书编号",
    title varchar(32) comment "图书名称",
    price decimal(5,2) comment "图书价格",
    author_id int,
    foreign key (author_id) references author(id)
);
-- 创建一个作者表
create table author(
    id  int primary key auto_increment comment "作者编号",
    name varchar(32) comment "作者姓名",
    age int comment "作者年龄",
    book_id int comment "图书编号",
    foreign key  (book_id) references book(id)
);

# 作者和图书表之间创建多对多关系的外检字段的时候
# 因为目标表要先创建 所以导致两张表都创建不出来
```

```sql
# （3）解决办法：创建一张中间表作为两张表的媒介
-- 创建一个图书表
create table book(
    id int primary key auto_increment comment "图书编号",
    title varchar(32) comment "图书名称",
    price decimal(5,2) comment "图书价格"
);
-- 创建一个作者表
create table author(
    id  int primary key auto_increment comment "作者编号",
    name varchar(32) comment "作者姓名",
    age int comment "作者年龄"
);
-- 创建一个作者和图书的中间表
create table author_book(
    id  int primary key auto_increment comment "编号",
    book_id int comment "图书编号",
    author_id int,
    foreign key (author_id) references author(id),
    foreign key  (book_id) references book(id)
);

# id name age
#  1 dream 18
#  2 opp   28

# id title price
#  1 西游记   99
#  2 水浒传   88

# id book_id author_id
#  1    1       1
#  2    1       2
#  3    2       2

# (4)小结
# 多对多外键关系需要创建第三张表来作为媒介
# 如果想要操作数据之间的关系就需要操作第三张表
```

### 【补充】级联更新和级联删除

```sql
# 在关联外检字段的时候
# 比如部门和员工  一个部门可以有多个员工
# 但是公司想要开猿节流  --> 把整个部门砍掉 ---> 这个部门的所有人都应该被清空信息

# 在创建外键关系的时候就指定上级联更新和级联删除

create table user(
    id int primary key auto_increment,
    detail_id int,
    -- 级联更新和级联删除添加的时候不要加 , 是 和 foreign key 一句完整的
    foreign key (detail_id) references user_detail(id)
    on delete cascade 
    on update cascade 
);

create table user_detail(
    id int primary key auto_increment,
);
```
